(RuleFactory) - Unexpected error: invalidModifier(message: "Unsupported modifier: object") while creating rule from: ||cpmstar.com^$object,third-party
(RuleFactory) - Unexpected error: invalidModifier(message: "Unsupported modifier: ~object") while creating rule from: .cz/ads/$~object,domain=~hcplzen.cz
(RuleFactory) - Unexpected error: invalidModifier(message: "Unsupported modifier: to") while creating rule from: /^https?:\/\/[a-z]{8,15}\.xyz\/$/$xmlhttprequest,third-party,method=head,to=xyz
(RuleFactory) - Unexpected error: invalidModifier(message: "Unsupported modifier: header") while creating rule from: /^https:\/\/www\.[a-z]{8,16}\.com\/(?:[A-Za-z]+\/)*(?:[_0-9A-Za-z]{1,20}[-.])*[_0-9A-Za-z]{1,20}\.js$/$script,third-party,match-case,header=popads-node
(RuleFactory) - Unexpected error: invalidModifier(message: "Unsupported modifier: header") while creating rule from: /^https:\/\/www\.[a-z]{8,16}\.com\/(?:[A-Za-z]+\/)*(?:[_0-9A-Za-z]{1,20}[-.])*[_0-9A-Za-z]{1,20}\.js$/$script,third-party,match-case,header=link:/adsco\.re\/>;rel=preconnect/
(RuleFactory) - Unexpected error: invalidModifier(message: "Unsupported modifier: header") while creating rule from: ://www.*.com/*.css|$script,third-party,header=popads-node
(RuleFactory) - Unexpected error: invalidModifier(message: "Unsupported modifier: header") while creating rule from: ://www.*.com*/images/*.min.js|$script,third-party,header=popads-node
(RuleFactory) - Unexpected error: invalidModifier(message: "Unsupported modifier: header") while creating rule from: ://www.*.com/css/$script,third-party,header=popads-node
(RuleFactory) - Unexpected error: invalidModifier(message: "Unsupported modifier: header") while creating rule from: ://www.*.com/js/css/$script,third-party,header=popads-node
(RuleFactory) - Unexpected error: invalidModifier(message: "Unsupported modifier: header") while creating rule from: ://www.*.com/*.css|$script,third-party,header=link:/adsco\.re\/>;rel=preconnect/
(RuleFactory) - Unexpected error: invalidModifier(message: "Unsupported modifier: header") while creating rule from: ://www.*.com*/images/*.min.js|$script,third-party,header=link:/adsco\.re\/>;rel=preconnect/
(RuleFactory) - Unexpected error: invalidModifier(message: "Unsupported modifier: header") while creating rule from: ://www.*.com/css/$script,third-party,header=link:/adsco\.re\/>;rel=preconnect/
(RuleFactory) - Unexpected error: invalidModifier(message: "Unsupported modifier: header") while creating rule from: ://www.*.com/js/css/$script,third-party,header=link:/adsco\.re\/>;rel=preconnect/
(RuleFactory) - Unexpected error: invalidModifier(message: "Unsupported modifier: header") while creating rule from: ||workers.dev^$header=x-target-domain:pagead2.googlesyndication.com
(RuleFactory) - Unexpected error: invalidModifier(message: "Unsupported modifier: header") while creating rule from: /^https:\/\/[a-z]{3,4}\.[a-z]{8,16}\.com\/loader\.min\.js$/$script,third-party,match-case,header=etag:/^W\/"[0-9a-f]{32}-\d{13}"$/
(RuleFactory) - Unexpected error: invalidModifier(message: "Unsupported modifier: header") while creating rule from: /^https:\/\/d[0-9a-z]{12,13}\.cloudfront\.net\/loader\.min\.js$/$script,third-party,match-case,header=etag:/^W\/"[0-9a-f]{32}"$/
(RuleFactory) - Unexpected error: invalidRule(message: "$path modifier cannot be empty") while creating rule from: [$path]f95zone.to##.node:not(.node--forum):has(a[data-xf-init])
(RuleFactory) - Unexpected error: invalidPattern(message: "Non ASCII characters are not supported") while creating rule from: ||beerfaucet.io/promo/300×250.gif
(RuleFactory) - Unexpected error: invalidPattern(message: "Non ASCII characters are not supported") while creating rule from: ||opjav.com/bet/*_728х90.gif
(RuleFactory) - Unexpected error: invalidModifier(message: "Unsupported modifier: header") while creating rule from: /https?:\/\/[a-z]{10,15}\.com\/[0-9a-zA-Z]{5,20}\/[0-9]{1,10}$/$script,match-case,header=set-cookie:/^GL_UI4=/
(RuleFactory) - Unexpected error: invalidModifier(message: "Unsupported modifier: header") while creating rule from: /https?:\/\/[a-z]{2}\.[a-z]{10,15}\.com\/[0-9a-zA-Z]{5,20}\/[0-9a-zA-Z]{1,5}$/$script,match-case,header=set-cookie:/^GL_UI4=/
(RuleFactory) - Unexpected error: invalidModifier(message: "Unsupported modifier: header") while creating rule from: /https?:\/\/[a-z]{2}\.[a-z]{10,15}\.com\/[0-9a-zA-Z]{1,5}\/\d{1,5}\?[a-z]{1,5}=.{700,1200}$/$script,match-case,header=set-cookie:/^GL_UI4=/
(RuleFactory) - Unexpected error: invalidModifier(message: "Unsupported modifier: header") while creating rule from: /https?:\/\/[a-z0-9]{10,25}\.[a-z0-9]{10,20}\.cfd\/[a-zA-Z0-9]{10,25}\/[a-zA-Z0-9]{1,5}$/$script,match-case,header=set-cookie:/^GL_UI4=/
(RuleFactory) - Unexpected error: invalidModifier(message: "Unsupported modifier: ~object") while creating rule from: .adriver.$~object,domain=~adriver.co
(RuleFactory) - Unexpected error: invalidModifier(message: "Unsupported modifier: ~object") while creating rule from: /admanager/*$~object,~xmlhttprequest,domain=~admanager.line.biz|~blog.google|~sevio.com
(RuleFactory) - Unexpected error: invalidModifier(message: "Unsupported modifier: ~object") while creating rule from: ||liverail.com^$~object,third-party
(RuleFactory) - Unexpected error: invalidModifier(message: "Unsupported modifier: object") while creating rule from: ||media.net^$object,script,third-party,xmlhttprequest
(RuleFactory) - Unexpected error: invalidModifier(message: "Unsupported modifier: ~object") while creating rule from: ||objects.tremormedia.com^$~object,third-party
(RuleFactory) - Unexpected error: invalidModifier(message: "Unsupported modifier: ~object") while creating rule from: ||partner.video.syndication.msn.com^$~object,third-party
(RuleFactory) - Unexpected error: invalidModifier(message: "Unsupported modifier: object") while creating rule from: @@||adm.fwmrm.net^*/TremorAdRenderer.$object,domain=go.com
(RuleFactory) - Unexpected error: invalidModifier(message: "Unsupported modifier: object") while creating rule from: @@||adm.fwmrm.net^*/videoadrenderer.$object,domain=cnbc.com|go.com|nbc.com|nbcnews.com
(RuleFactory) - Unexpected error: invalidRule(message: "Unsupported rule type") while creating rule from: liked.hu$$#liked-ad-systems-script
(RuleFactory) - Unexpected error: invalidModifier(message: "Unsupported modifier: redirect") while creating rule from: ||pagead2.googlesyndication.com/pagead/js/adsbygoogle.js$script,redirect=googlesyndication-adsbygoogle,domain=pcforum.hu
(RuleFactory) - Unexpected error: invalidRule(message: "Unsupported rule type") while creating rule from: napiszar.com$$script[data-cfasync="false"]
(RuleFactory) - Unexpected error: invalidRule(message: "Unsupported rule type") while creating rule from: portfolio.hu$$script[tag-content="fbmodal-title"]
(RuleFactory) - Unexpected error: invalidRule(message: "Unsupported rule type") while creating rule from: bme.hu,unideb.hu$$style[tag-content="eu-cookie-withdraw-banner"]
(RuleFactory) - Unexpected error: invalidRule(message: "Unsupported rule type") while creating rule from: egeszsegkalauz.hu$$script[tag-content="Quantcast Choice"]
(RuleFactory) - Unexpected error: invalidRule(message: "Unsupported rule type") while creating rule from: gamer.hu$$script[tag-content="cli_cookiebar_"]
(RuleFactory) - Unexpected error: invalidRule(message: "Unsupported rule type") while creating rule from: 24.hu$$script[tag-content="a2blckLayer"]
(RuleFactory) - Unexpected error: invalidRule(message: "Unsupported rule type") while creating rule from: divany.hu,totalcar.hu,totalbike.hu$$script[tag-content="window.onload = window.onfocus"]
(RuleFactory) - Unexpected error: invalidRule(message: "Unsupported rule type") while creating rule from: hazipatika.com$$script[tag-content="a2blckLayer"]
(RuleFactory) - Unexpected error: invalidRule(message: "Unsupported rule type") while creating rule from: hungliaonline.com$$script[tag-content="adblocker"]
(RuleFactory) - Unexpected error: invalidRule(message: "Unsupported rule type") while creating rule from: hang.hu$$script[tag-content="ai_run_"]
(RuleFactory) - Unexpected error: invalidRule(message: "Unsupported rule type") while creating rule from: openspeedtest.com$$script[tag-content="testadblock"]
(RuleFactory) - Unexpected error: invalidRule(message: "Unsupported rule type") while creating rule from: port.hu$$script[tag-content="popUpBannerBox Ad300 hirdetes_box"]
(RuleFactory) - Unexpected error: invalidRule(message: "Unsupported rule type") while creating rule from: szeretlekmagyarorszag.hu$$script[tag-content="window.atob"]
(RuleFactory) - Unexpected error: invalidModifier(message: "Unsupported modifier: cookie") while creating rule from: $cookie=adblock,domain=myonlineradio.hu
(BlockerEntryFactory) - Unexpected error: unsupportedRegExp(message: "Unsupported regexp rule: pipeCondition(message: \"Pipe conditions not supported\")") while converting /^139\.45\.197\.2(4[0-9]|5[0-4])/
(BlockerEntryFactory) - Unexpected error: unsupportedRegExp(message: "Unsupported regexp rule: pipeCondition(message: \"Pipe conditions not supported\")") while converting /^94\.242\.247\.(2[0-9]|3[0-2])/
(BlockerEntryFactory) - Unexpected error: unsupportedRegExp(message: "Unsupported regexp rule: pipeCondition(message: \"Pipe conditions not supported\")") while converting /^23\.109\.170\.(18[7-9]|19[0-2])$/
(BlockerEntryFactory) - Unexpected error: unsupportedRegExp(message: "Unsupported regexp rule: unsupportedMetaCharacter(message: \"Unsupported escape sequence\")") while converting /^23\.109\.73\.\d{3}/
(BlockerEntryFactory) - Unexpected error: unsupportedRegExp(message: "Unsupported regexp rule: unsupportedMetaCharacter(message: \"Unsupported escape sequence\")") while converting /^188\.42\.84\.\d{1,3}/
(BlockerEntryFactory) - Unexpected error: unsupportedRegExp(message: "Unsupported regexp rule: unsupportedMetaCharacter(message: \"Unsupported escape sequence\")") while converting /^139\.45\.19[5-7]\.\d{1,3}/
(BlockerEntryFactory) - Unexpected error: unsupportedRegExp(message: "Unsupported regexp rule: digitRange(message: \"Digit ranges not supported\")") while converting /^https:\/\/rayinfosports\.com\/wp-content\/uploads\/[a-z]{8}\.js\?ver=/$script,domain=rayinfosports.com
(BlockerEntryFactory) - Unexpected error: unsupportedRegExp(message: "Unsupported regexp rule: digitRange(message: \"Digit ranges not supported\")") while converting @@/https?:\/\/(www\.)?sonixgvn\.net\/.{1,15}\.js$/$script,~third-party,domain=sonixgvn.net
(BlockerEntryFactory) - Unexpected error: unsupportedRegExp(message: "Unsupported regexp rule: pipeCondition(message: \"Pipe conditions not supported\")") while converting @@/\.(quest|shop|autos)\/.*\./$script,xmlhttprequest,domain=rbtv77.*|live-streamfootball.*|superabbit77.*|superabbit33.*|superdom77.*|superlee77.*|superleo77.*|superargo77.*|superbarca77.*|linelocatemfsn.*|homebasis4d.*|mindmotion93y8.*|monkeynecktj4w.*|masterenjoyao.*|differenceprimitive85p.*|blewdiffera3j2.*|strangernervousql.*|leadmorning4ivn.*|somehowrockyng.*|currentcolorq2dv.*|determinemousecshe.*|publicspeed5c.*|limiteddollqjc.*
(BlockerEntryFactory) - Unexpected error: unsupportedRegExp(message: "Unsupported regexp rule: digitRange(message: \"Digit ranges not supported\")") while converting /^https:\/\/www\.natomanga\.com\/js\/[a-f0-9]{32}\.js$/$script,domain=natomanga.com
(BlockerEntryFactory) - Unexpected error: unsupportedRegExp(message: "Unsupported regexp rule: unquantifiableCharacter(message: \"Unquantifiable chacter\")") while converting @@/^https:\/\/[a-z]\.pussyspace\.(?:com|net)\/(?:yip?|xvs)\/videos\/20\d{4}\/\d{2}\/\d{9}\/(?:original|thumbs_\d{2})\/\d{0,2}(?:\(m=e[0-9A-Za-z]{5,7}(?:aaaa)?\)\(mh=[-_0-9A-Za-z]{16}\))?\d{0,2}\.jpg$/$image,~third-party,domain=pussyspace.com|pussyspace.net
(BlockerEntryFactory) - Unexpected error: unsupportedRegExp(message: "Unsupported regexp rule: unquantifiableCharacter(message: \"Unquantifiable chacter\")") while converting @@/^https:\/\/[a-z]\.pussyspace\.(?:com|net)\/(?:yip?|xvs)\/videos\/thumbs169l\/[0-9a-f]{2}\/[0-9a-f]{2}\/[0-9a-f]{2}\/[0-9a-f]{32}(?:-\d)?\/[0-9a-f]{32}\.\d{1,2}\.jpg$/$image,~third-party,domain=pussyspace.com|pussyspace.net
(BlockerEntryFactory) - Unexpected error: unsupportedRegExp(message: "Unsupported regexp rule: unquantifiableCharacter(message: \"Unquantifiable chacter\")") while converting @@/^https:\/\/[a-z]\.pussyspace\.(?:com|net)\/(?:yip?|xvs)\/videos\/thumbs_5\/\d{1,2}(?:\(m=e[0-9A-Za-z]{5,7}aaaa\)\(mh=[-_0-9A-Za-z]{16}\))?\.jpg$/$image,~third-party,domain=pussyspace.com|pussyspace.net
(BlockerEntryFactory) - Unexpected error: unsupportedRegExp(message: "Unsupported regexp rule: unquantifiableCharacter(message: \"Unquantifiable chacter\")") while converting @@/^https:\/\/[a-z]\.pussyspace\.(?:com|net)\/[a-z]?jz\/(?:[0-9a-f]\/){3,5}[0-9a-f]{42}-?(?:\d{2,3}|(?:(?:\d{3,4}-){3}h264)?\.(?:mp4-\d{1,2}|flv-\d))\.jpg$/$image,~third-party,domain=pussyspace.com|pussyspace.net
(BlockerEntryFactory) - Unexpected error: unsupportedRegExp(message: "Unsupported regexp rule: unquantifiableCharacter(message: \"Unquantifiable chacter\")") while converting @@/^https:\/\/[a-z]\.pussyspace\.(?:com|net)\/sb\/t\/\d{6,8}\/\d\/\d\/w:300\/t\d{1,2}-enh\/(?:[0-9a-z]+-)*[0-9a-z]+\.jpg$/$image,~third-party,domain=pussyspace.com|pussyspace.net
(BlockerEntryFactory) - Unexpected error: unsupportedRegExp(message: "Unsupported regexp rule: unquantifiableCharacter(message: \"Unquantifiable chacter\")") while converting @@/^https:\/\/st\.pussyspace\.(?:com|net)\/upload\/cat\.image\/[_3a-z]{2,16}\.jpg$/$image,~third-party,domain=pussyspace.com|pussyspace.net
(BlockerEntryFactory) - Unexpected error: unsupportedRegExp(message: "Unsupported regexp rule: unquantifiableCharacter(message: \"Unquantifiable chacter\")") while converting @@/^https:\/\/st\.pussyspace\.(?:com|net)\/upload\/poster_img_url\/par\/c3Rhci9[%0-9A-Za-z]{16,32}&size_width\/par\/160\/l\.jpg$/$image,~third-party,domain=pussyspace.com|pussyspace.net
(BlockerEntryFactory) - Unexpected error: unsupportedRegExp(message: "Unsupported regexp rule: unsupportedMetaCharacter(message: \"Unsupported escape sequence\")") while converting /fontyukle.net\/js\/\w+.js/$domain=fontyukle.net
(BlockerEntryFactory) - Unexpected error: unsupportedRegExp(message: "Unsupported regexp rule: unsupportedMetaCharacter(message: \"Unsupported escape sequence\")") while converting @@/\/\d{5,7}$/$domain=mylink.*|my1ink.*|myl1nk.*|myli3k.*
(BlockerEntryFactory) - Unexpected error: unsupportedRegExp(message: "Unsupported regexp rule: unsupportedMetaCharacter(message: \"Unsupported escape sequence\")") while converting /^https?:\/\/anonymousemail\.me\/[\S]{3,10}\.js$/$important,domain=anonymousemail.me
(BlockerEntryFactory) - Unexpected error: unsupportedRegExp(message: "Unsupported regexp rule: digitRange(message: \"Digit ranges not supported\")") while converting /https?:\/\/magesy\.net\/[a-z]{1,5}_[a-zA-Z0-9]{15,35}\.js$/$domain=magesy.blog
(BlockerEntryFactory) - Unexpected error: unsupportedRegExp(message: "Unsupported regexp rule: digitRange(message: \"Digit ranges not supported\")") while converting /\.liveonlinesports\.net/[a-z0-9]{35}\.js$/$script
(BlockerEntryFactory) - Unexpected error: unsupportedRegExp(message: "Unsupported regexp rule: digitRange(message: \"Digit ranges not supported\")") while converting /^http(s?):\/\/[A-Za-z0-9]{6}\.[A-Za-z0-9]{3}\/[A-Za-z0-9]{30,}\.php$/$script,third-party,domain=metbuat.az
(BlockerEntryFactory) - Unexpected error: unsupportedRegExp(message: "Unsupported regexp rule: digitRange(message: \"Digit ranges not supported\")") while converting /sport.cz\/[-_a-zA-Z0-9]{20,}\/[-_a-zA-Z0-9]{3,}\/[-_a-zA-Z0-9]{20,}./$image,domain=sport.cz
(BlockerEntryFactory) - Unexpected error: unsupportedRegExp(message: "Unsupported regexp rule: digitRange(message: \"Digit ranges not supported\")") while converting /idnes.cz\/[-_a-zA-Z0-9]{20,}\/[-_a-zA-Z0-9]{20,}\/[-_a-zA-Z0-9]{20,}\/[-_a-zA-Z0-9]{20,}/$subdocument,image,important
(BlockerEntryFactory) - Unexpected error: unsupportedRegExp(message: "Unsupported regexp rule: unsupportedMetaCharacter(message: \"Unsupported escape sequence\")") while converting /kikar\.co\.il\/a\/\d+\/\d+/$subdocument,domain=kikar.co.il
(BlockerEntryFactory) - Unexpected error: unsupportedRegExp(message: "Unsupported regexp rule: pipeCondition(message: \"Pipe conditions not supported\")") while converting /prixa.*\.net\/media\/(Parvo|Ratop|Riddh)\/[A-Za-z0-9-_]+.(gif|jpg)/$domain=ratopati.com
(BlockerEntryFactory) - Unexpected error: unsupportedRegExp(message: "Unsupported regexp rule: pipeCondition(message: \"Pipe conditions not supported\")") while converting /prixa.*\.net\/media\/[0-9A-Za-z-_]*.(gif|jpg)/$domain=ratopati.com
(BlockerEntryFactory) - Unexpected error: unsupportedRegExp(message: "Unsupported regexp rule: pipeCondition(message: \"Pipe conditions not supported\")") while converting @@/^https?.*\..*\.ch\/.*\/(ad|adtech|pubblicita|adverts|ad-random|adSponsors|banner-ad|banman|native-ad|advertise|advert1|bg_ads|adengine|adspot|baseAd|coread)\/.*\/.*=.*&/$xmlhttprequest,other,script,domain=tio.ch
(BlockerEntryFactory) - Unexpected error: unsupportedRegExp(message: "Unsupported regexp rule: digitRange(message: \"Digit ranges not supported\")") while converting /\/js\/_[a-zA-Z]{17}\.js$/$domain=rynek-kolejowy.pl|rynek-lotniczy.pl|transport-publiczny.pl|rynekinfrastruktury.pl
(BlockerEntryFactory) - Unexpected error: unsupportedRegExp(message: "Unsupported regexp rule: unsupportedMetaCharacter(message: \"Unsupported escape sequence\")") while converting /1688porn.tv\/.*[-\/]\d+x\d+.*\.gif/$domain=1688porn.tv
(BlockerEntryFactory) - Unexpected error: unsupportedRegExp(message: "Unsupported regexp rule: unquantifiableCharacter(message: \"Unquantifiable chacter\")") while converting /thaihubx.tv\/(?!.*(animated)).*\.gif/$domain=thaihubx.tv
(BlockerEntryFactory) - Unexpected error: unsupportedRegExp(message: "Unsupported regexp rule: digitRange(message: \"Digit ranges not supported\")") while converting /^https:\/\/[0-9a-z]{6,12}\.in(?:\/[a-z]{2,10}){1,3}$/$script,third-party,match-case
(BlockerEntryFactory) - Unexpected error: unsupportedRegExp(message: "Unsupported regexp rule: digitRange(message: \"Digit ranges not supported\")") while converting /^https:\/\/[0-9a-z-]{4,7}\.(?:com|click|icu|net|shop)\/js\/responsive\.js$/$script,third-party,match-case
(BlockerEntryFactory) - Unexpected error: unsupportedRegExp(message: "Unsupported regexp rule: pipeCondition(message: \"Pipe conditions not supported\")") while converting /^https:\/\/[0-9a-z-][0-9a-z-][0-9a-z-][0-9a-z-][0-9a-z-]?[0-9a-z-]?[0-9a-z-]?\.(com|click|icu|net|shop)\/js\/responsive\.js$/$script,third-party,match-case
(BlockerEntryFactory) - Unexpected error: unsupportedRegExp(message: "Unsupported regexp rule: digitRange(message: \"Digit ranges not supported\")") while converting /^https:\/\/[a-z]{8,16}\.(?:club|fun|hair|info|work|xyz)\/[0-9a-zA-Z%]{170,400}$/$script,third-party
(BlockerEntryFactory) - Unexpected error: unsupportedRegExp(message: "Unsupported regexp rule: digitRange(message: \"Digit ranges not supported\")") while converting /^https:\/\/[a-z]{6,13}\.(cloud|xyz)\/[A-Za-z0-9_-]{48}[A-Z]{3}$/$document
(BlockerEntryFactory) - Unexpected error: unsupportedRegExp(message: "Unsupported regexp rule: digitRange(message: \"Digit ranges not supported\")") while converting /^https:\/\/[a-z]{8,15}\.(?:(com|net)\/(?:\d{1,3}\/)?tag\.min\.js$)/$script,third-party
(BlockerEntryFactory) - Unexpected error: unsupportedRegExp(message: "Unsupported regexp rule: digitRange(message: \"Digit ranges not supported\")") while converting /\.goplay\.su\/[a-z][0-9A-Za-z]{10,}\/\d{3,6}$/$xmlhttprequest,match-case
(BlockerEntryFactory) - Unexpected error: unsupportedRegExp(message: "Unsupported regexp rule: digitRange(message: \"Digit ranges not supported\")") while converting /^https:\/\/[a-z]{3,5}\.[a-z]{10,14}\.top\/[a-z]{10,16}\/[a-z]{5,6}(?:\?d=\d)?$/$script,third-party,match-case
(BlockerEntryFactory) - Unexpected error: unsupportedRegExp(message: "Unsupported regexp rule: digitRange(message: \"Digit ranges not supported\")") while converting /^https:\/\/[a-z]{10,12}\.com\/[a-z\/]{2,}\?id=[12]\d{6}$/$script,third-party,match-case
(BlockerEntryFactory) - Unexpected error: unsupportedRegExp(message: "Unsupported regexp rule: digitRange(message: \"Digit ranges not supported\")") while converting /^https:\/\/[0-9a-z]{5,}\.[a-z]{2,3}\/z-[5-9]\d{6}$/$script,~third-party
(BlockerEntryFactory) - Unexpected error: unsupportedRegExp(message: "Unsupported regexp rule: digitRange(message: \"Digit ranges not supported\")") while converting /^https?:\/\/[0-9a-z]*\.?[-0-9a-z]{3,}\.[a-z]{2,11}\.?[a-z]{0,7}\/(?:[0-9a-z]{6,10}\/)?\/?(?:article\d{4}\.doc)?\?(?:cid=[0-9a-z]+&)?[ou]=[0-9a-z]{7}(?:&t=\d+)?&[ou]=[0-9a-z]{7}/$document,match-case
(BlockerEntryFactory) - Unexpected error: unsupportedRegExp(message: "Unsupported regexp rule: digitRange(message: \"Digit ranges not supported\")") while converting /^https:\/\/[0-9a-z-]{5,}\.com\/\d{1,2}\/[0-9a-f]{32}\.js$/$script,third-party,match-case
(BlockerEntryFactory) - Unexpected error: unsupportedRegExp(message: "Unsupported regexp rule: unbalancedParentheses(message: \"Unbalanced square brackets\")") while converting /^https:\/\/[0-9a-z-][0-9a-z-][0-9a-z-][0-9a-z-][0-9a-z-]+\.com\/\[0-9][0-9]?\/[0-9a-f][0-9a-f][0-9a-f][0-9a-f][0-9a-f][0-9a-f][0-9a-f][0-9a-f][0-9a-f][0-9a-f][0-9a-f][0-9a-f][0-9a-f][0-9a-f][0-9a-f][0-9a-f][0-9a-f][0-9a-f][0-9a-f][0-9a-f][0-9a-f][0-9a-f][0-9a-f][0-9a-f][0-9a-f][0-9a-f][0-9a-f][0-9a-f][0-9a-f][0-9a-f][0-9a-f][0-9a-f]\.js$/$script,third-party,match-case
(BlockerEntryFactory) - Unexpected error: unsupportedRegExp(message: "Unsupported regexp rule: digitRange(message: \"Digit ranges not supported\")") while converting /^https:\/\/[-a-z]{8,}\.com\/[f-j](?=[a-z]*[0-9A-Z_-])[0-9A-Z_a-z-]{3,}\/[0-9A-Za-z][-\/0-9A-Z_a-z]{115,132}$/$script,xmlhttprequest,match-case,third-party
(BlockerEntryFactory) - Unexpected error: unsupportedRegExp(message: "Unsupported regexp rule: unquantifiableCharacter(message: \"Unquantifiable chacter\")") while converting /^https?:\/\/(?:www\.|[a-z0-9]{7,10}\.)?[a-z0-9-]{5,}\.(?:com|org)\/\/?(?:[a-z0-9]{2}\/){2,3}[a-f0-9]{32}\.js/$script,xmlhttprequest,third-party
(BlockerEntryFactory) - Unexpected error: unsupportedRegExp(message: "Unsupported regexp rule: digitRange(message: \"Digit ranges not supported\")") while converting /^https:\/\/[0-9a-f]{10}\.[0-9a-f]{10}\.com\/[0-9a-f]{32}\.js$/$script,third-party
(BlockerEntryFactory) - Unexpected error: unsupportedRegExp(message: "Unsupported regexp rule: digitRange(message: \"Digit ranges not supported\")") while converting /^https:\/\/[0-9a-f]{10}\.[0-9a-f]{10}\.com\/[a-f0-9]+\/\d+\?version_name=\w&domain=/$xmlhttprequest,third-party
(BlockerEntryFactory) - Unexpected error: unsupportedRegExp(message: "Unsupported regexp rule: digitRange(message: \"Digit ranges not supported\")") while converting /^https:\/\/[a-z]{8,12}\.com\/en\/(?:[a-z]{2,10}\/){0,2}[a-z]{2,}\?(?:[a-z]+=[^&=?\s]*?&)*?id=[12]\d{6}/$script,third-party,match-case
(BlockerEntryFactory) - Unexpected error: unsupportedRegExp(message: "Unsupported regexp rule: digitRange(message: \"Digit ranges not supported\")") while converting /^https:\/\/[0-9a-z-]{5,15}\.(?:com|net|tv|xyz)\/(?:40[01]|50?0?)\/\d{6,8}\??\S*$/$script,xmlhttprequest,third-party
(BlockerEntryFactory) - Unexpected error: unsupportedRegExp(message: "Unsupported regexp rule: digitRange(message: \"Digit ranges not supported\")") while converting /\/t\/[0-9]{3}\/[0-9]{3}\/a[0-9]{4,9}\.js$/$script
(BlockerEntryFactory) - Unexpected error: unsupportedRegExp(message: "Unsupported regexp rule: digitRange(message: \"Digit ranges not supported\")") while converting /^https?:\/\/[0-9a-z]{13,14}\.cloudfront\.net\/\?[a-z]{3,5}=\d{6,7}$/$script,xmlhttprequest,third-party,match-case
(BlockerEntryFactory) - Unexpected error: unsupportedRegExp(message: "Unsupported regexp rule: digitRange(message: \"Digit ranges not supported\")") while converting /^https:\/\/[a-z]{12,20}\.com\/script\/[a-zA-Z0-9]+_[a-zA-Z0-9]+\.js$/$script,third-party,match-case,domain=variety.com
(BlockerEntryFactory) - Unexpected error: unsupportedRegExp(message: "Unsupported regexp rule: digitRange(message: \"Digit ranges not supported\")") while converting /^https:\/\/[a-z]{3,}\.[a-z]{7,}\.com\/[a-z]{4,}\/[a-f0-9]{8}\.js$/$script,third-party,match-case,domain=calgaryherald.com|calgarysun.com|canada.com|canoe.com|driving.ca|edmontonjournal.com|edmontonsun.com|financialpost.com|leaderpost.com|lfpress.com|montrealgazette.com|nationalpost.com|ontariofarmer.com|ottawacitizen.com|ottawasun.com|thegrowthop.com|theprovince.com|thestarphoenix.com|tj.news|torontosun.com|vancouversun.com|windsorstar.com|winnipegsun.com
(BlockerEntryFactory) - Unexpected error: unsupportedRegExp(message: "Unsupported regexp rule: unquantifiableCharacter(message: \"Unquantifiable chacter\")") while converting /^https:\/\/(?:[a-z]{3,4}\.)?[0-9a-z-]{6,}\.com\/script\/(?=[0-9a-z]{0,29}[A-Z])[0-9A-Za-z]{10,30}\.js$/$script,third-party,match-case
(BlockerEntryFactory) - Unexpected error: unsupportedRegExp(message: "Unsupported regexp rule: digitRange(message: \"Digit ranges not supported\")") while converting /^https:\/\/www\.[0-9a-z-]{6,}\.xyz\/script\/[-.0-9A-Za-z]+\.[A-Za-z-]{2,30}\.js$/$script,third-party,match-case
(BlockerEntryFactory) - Unexpected error: unsupportedRegExp(message: "Unsupported regexp rule: digitRange(message: \"Digit ranges not supported\")") while converting /^https:\/\/[a-z]{2,5}\.[a-z]{10,14}\.com\/[a-zA-Z0-9]{10,16}\/[a-zA-Z]{5,6}$/$script,third-party,match-case,domain=lookmovie.foundation
(BlockerEntryFactory) - Unexpected error: unsupportedRegExp(message: "Unsupported regexp rule: digitRange(message: \"Digit ranges not supported\")") while converting /\/[a-z]{4,}\/(?!holly7|siksik7)[0-9a-z]{3,}\d\.\d{1,2}\.\d{1,2}\.[0-9a-f]{32}\.js$/$script,domain=555.porn|hclips.com|hdzog.com|hotmovs.com|imzog.com|inporn.com|javdaddy.com|porn555.com|pornforrelax.com|porngo.tube|pornj.com|pornl.com|pornq.com|porntop.com|privatehomeclips.com|puporn.com|see.xxx|shemalez.com|shemalez.tube|sss.xxx|thegay.com|thegay.tube|tubepornclassic.com|tuberel.com|txxx.com|txxx.tube|txxxporn.tube|upornia.com|upornia.tube|vjav.com|vjav.tube|voyeurhit.com|vxxx.com|bigdick.tube|voyeurhit.tube|hotmovs.tube|in-porn.com|manysex.com|pornclassic.tube|manysex.tube|aniporn.com|abxxx.com|gaytxxx.com|xjav.tube|abjav.com|transtxxx.com|pornl.tube|desi-porn.tube|desi-porn.xyz|ourgay.tube|fuxxx.com|lesbigo.com|uanal.com|pornuse.com|abbdsm.com|abgay.tube|abmilf.com|abtranny.com|teen21.com|peporn.com|porn-latina.com|keporn.com|boobse.com|gfthai.com|ablesbian.com|abebony.com|11hentai.com
(BlockerEntryFactory) - Unexpected error: unsupportedRegExp(message: "Unsupported regexp rule: digitRange(message: \"Digit ranges not supported\")") while converting /\.[a-z]{3,5}\/[0-9a-z]{8,12}\/[0-9a-z]{8,12}\.js$/$script,domain=555.porn|hclips.com|hdzog.com|hotmovs.com|imzog.com|inporn.com|javdaddy.com|porn555.com|pornforrelax.com|porngo.tube|pornj.com|pornl.com|pornq.com|porntop.com|pornzog.com|privatehomeclips.com|puporn.com|see.xxx|senzuri.tube|shemalez.com|shemalez.tube|sss.xxx|thegay.com|thegay.tube|tubepornclassic.com|tuberel.com|txxx.com|txxx.tube|txxxporn.tube|upornia.com|upornia.tube|vjav.com|vjav.tube|voyeurhit.com|vxxx.com|bdsmx.tube|blackporn.tube|mrgay.tube|bigdick.tube|xmilf.com|voyeurhit.tube|hdzog.tube|teenorgy.video|hotmovs.tube|asiantv.fun|pornclassic.tube|sextu.com|in-porn.com|manysex.com|onlyporn.tube|manysex.tube|aniporn.com|abxxx.com|gaytxxx.com|xjav.tube|abjav.com|transtxxx.com|pornl.tube|desi-porn.tube|desi-porn.xyz|ourgay.tube|fuxxx.com|lesbigo.com|uanal.com|pornuse.com|abbdsm.com|abgay.tube|abmilf.com|abtranny.com|teen21.com|peporn.com|porn-latina.com|keporn.com|boobse.com|gfthai.com|01tube.com
(BlockerEntryFactory) - Unexpected error: unsupportedRegExp(message: "Unsupported regexp rule: digitRange(message: \"Digit ranges not supported\")") while converting /\/t[a-f0-9v]{10,13}\.js$/$domain=reddvideo.tube|camwhoresbay.porn|camvideos.org|camwhores.film|naughtymachinima.com|imgbaron.com|torrents-club.info|girlwallpaper.pro|mactorrent.co|erowall.com|motaen.com|camwhores.biz|cambabe.video|cambabe.me|caminspector.net|free-strip-games.com|camwhores.tv|free-porn.games|picusha.net|torrents-club.org|porno-island.*|zehnporn.com|x-movies.top|femaleorgasms.pro|wetpussygames.com|mysexgames.com|sexgames.xxx|imgadult.com|sikwap.xyz|kvador.com|pornsavant.com|babepedia.com|sexykittenporn.com|rintor.*|gamesofdesire.com|boobieblog.com|eroticity.net|xcity.org|imgdrive.net|imgtaxi.com|nakedbabes.club|vibraporn.com|porncoven.com|imgsto.com|silverpic.com|123strippoker.com|mota.ru|hentaicloud.com|hentaipins.com|super-games.cz|myporntape.com|asianlbfm.net|schoolgirls-asia.org
(BlockerEntryFactory) - Unexpected error: unsupportedRegExp(message: "Unsupported regexp rule: pipeCondition(message: \"Pipe conditions not supported\")") while converting /(toonget|kickassanime|watchanime|(the)?watchcartoons?online|readcomiconline|kimcartoon|kiss-anime|9anime|gogoanimes?|toonova|animeflv|animeplus|goodanime|animewow|animenova|animetoon|mangapanda|memecenter|mangareader|mangafreak)\.[a-z]{2,4}\/[s\S]*\/[-_a-zA-Z0-9]{22,}/$script,domain=animeflv.net
(BlockerEntryFactory) - Unexpected error: unsupportedRegExp(message: "Unsupported regexp rule: pipeCondition(message: \"Pipe conditions not supported\")") while converting /(readcomiconline|kimcartoon|kiss-anime|9anime|gogoanime|toonova|animeflv|animeplus|goodanime|animewow|animenova|animetoon|mangapanda|memecenter|mangareader)\.[a-z]{2,4}\/[-_a-zA-Z0-9]{3,}\/[-_a-zA-Z0-9]{20,}.(gif|jpg|png)/$domain=animeflv.net
(BlockerEntryFactory) - Unexpected error: unsupportedRegExp(message: "Unsupported regexp rule: digitRange(message: \"Digit ranges not supported\")") while converting /^https?:\/\/[a-z-]{6,}\.(?:com?|pro|info|xyz)\/[a-d][-\.\/_A-Za-z][DHWXm][-\.\/_A-Za-z][59FVZ][-\.\/_A-Za-z][6swyz][-\.\/_A-Za-z][-\/_0-9a-zA-Z][-\.\/_A-Za-z][-\/_0-9a-zA-Z]{22,162}$/$script,xmlhttprequest,third-party,match-case
(BlockerEntryFactory) - Unexpected error: unsupportedRegExp(message: "Unsupported regexp rule: digitRange(message: \"Digit ranges not supported\")") while converting /\.[a-z]{2,6}\/[0-9A-Za-z]{5,8}\.js$/$script,third-party,domain=bestjavporn.com|ero-anime.website|javdock.com|javtiful.com|onscreens.me|hdpornflix.com|supjav.com|analdin.com|up4fun.top|thefantazy.com
(BlockerEntryFactory) - Unexpected error: unsupportedRegExp(message: "Unsupported regexp rule: digitRange(message: \"Digit ranges not supported\")") while converting /\.[a-z]{2,6}\/[0-9A-Za-z]{5,8}\.js$/$script,~third-party,domain=love4porn.com|suptube.com|upload-pics.com
(BlockerEntryFactory) - Unexpected error: unsupportedRegExp(message: "Unsupported regexp rule: unquantifiableCharacter(message: \"Unquantifiable chacter\")") while converting /^(?!.*(mega.co.nz|mega.nz|libs.baidu.com|ilfcdn.li|bytecdntp.com|doodcdn.io|intensedebate.com|vixcloud.co|cdn.plyr.io|rsc.cdn77.org|linkvertise.com|fastly.net|statically.io|sharecast.ws|b-cdn.net|bunnycdn.ru|bootstrapcdn.com|cdn.ampproject.org|cloudflare.com|cdn.staticfile.org|disqus.com|disquscdn.com|dmca.com|ebacdn.com|facebook.net|fastlylb.net|fbcdn.net|fluidplayer.com|fontawesome.com|github.io|google.com|googleapis.com|googletagmanager.com|gstatic.com|jquery.com|jsdelivr.net|jwpcdn.com|jwplatform.com|recaptcha.net|shrink.pe|twitter.com|ulogin.ru|unpkg.com|userapi.com|vidazoo.com|(\/\/|\.)vk\.com|yandex.|yastatic.net|ytimg.com|zencdn.net|player|youtube.com|cackle.me|googleoptimize.com|vuukle.com|chatango.com|twimg.com|google-analytics.com|hcaptcha.com|media-imdb.com|blogger.com|hwcdn.net|instagram.com|wp.com|fastcomments.com|plyr.io|imgsmail.ru|cloudflare.net|rabbitstream.net|ko-fi.com|wsimg.com|sharethis.com|utteranc.es|cloudflareinsights.com|tailwindcss.com|capo6play.com|alicdn.com|(\/\/|\.)x\.com)).*$/$third-party,script,_____,domain=fapfappy.com|onestream.xyz|123movieshd.*|sportsonline.*|dlhd.*|ducumon.click|klto9.com|f2movies.to|xx0day.com|sextb.date|sextb.net|alexsports.site|xxxymovies.com|javhdo.net|daft.sex|tv.puresoul.live|veryfreeporn.com|linkebr.com|bitfly.io|exe.app|gplinks.co|miklpro.com|rexdlfile.com|downloadhub.ink|skidrowcodex.co|adcorto.xyz|cuturl.in|skidrowcodex.net|illink.net|300mbplus.*|shrinkme.in|iir.ai|stfly.me|bolssc.com|aii.sh|oncehelp.com|kshow123.net|dlapk4all.com|putlocker.digital|pimpandhost.com|pornpapa.com|xxxfiles.com|pornone.com|rawdex.net|hiperdex.com|ask4movie.co|animekayo.com|xorgasmo.com|mitly.us|xtits.com|vjav.com|area51deportiva.com|mixdrop.to|allporncomic.com|animepahe.com|gosexpod.com|kropic.com|kaplog.com|homemoviestube.com|zeenite.com|clk.ink|push.bdnewsx.com|uptomega.me|tumanga.net|123unblock.*|shieldmanga.*|ccurl.net|beinmatch.*|movie8k.*|sports24.*|downloadpirate.com|payskip.org|themoviesflix.co|hentaitube.online|link1s.*|exe.app|10convert.com|fc.lc|mypornstarbook.net|strims.*|cpmlink.net|bigtitslust.com|holymanga.net|links.mflixblog.xyz|skidrowreloaded.com|kissanimes.cc|anupama.*|kiryuu.co|forex-trnd.com|userupload.net|freeadultcomix.com|ruvideos.net|srsone.top|otakufr.co|jujmanga.com|amlijatt.in|123movies.*|lewdweb.net|flixtv.club|promo-visits.site|simplyfaucet.xyz|fzmovies.*|tny.so|1mlsbd.com|knaben.ru|streamtape.*|dramacool.*|123movies-hd.online|latestmanga.net|hexupload.net|sukidesuost.info|cocomanga.com|rawkuma.com|erogarga.com|mixdrop.sx|kabegamipuloh.web.app|japscan.ws|bluemediafiles.*|films5k.com|zetporn.com|watchmalcolminthemiddle.com|reddit.tube|outletpic.com|la123movies.com|streamingworld.club|gomo.to|yesmovies.sx|xtits.xxx|y2mate.com|weloma.art|pornvideos4k.com|4kpornmovs.com|up-load.io|insuranceblog.xyz|leaknudes.com|beingtek.com|fmovies.app|hentaiblue.com|yifysubtitles.vip|anonymz.com|torrentgalaxy.to|fmoviesto.cc|mixdrop.*|go-stream.site|eztv.unblockedsites.net|crackdj.com|aileen-novel.online|porncomixonline.net|wuxiarealm.com|mangahub.io|dvdplay.*|readcomiconline.li|mangaraw.org|rawmanga.top|hacamchicac.com|streamadblockplus.com|silverpic.com|apkmody.io|imgsto.com|subdl.com|crackpoint.club|torrentgalaxy.to|javct.net|haho.moe|4anime.gg|sportssoccer.club|extrafreetv.com|1337x.unblockit.cat|yourporngod.com|watchjavonline.com|picyield.com|bluemediafile.*|pornrabbit.com|stream2watch.be|worldstreams.watch|worldstreams.click|milfzr.com|gameshdlive.xyz|gamerarcades.com|asiangaylove.com|yurineko.net|animepahe.ru|0123movie.site|ufcfight.online|biggamez.xyz|trannyteca.com|lilymanga.net|bestporncomix.com|zinchanmanga.com|yaoimangaonline.com|zoechip.cc|zoechip.com|oxy.st|backfirstwo.com|3dporndude.com|thepiratebay.zone|mmsbee24.com|dofusports.xyz|1tamilblasters.*|gaystream.pw|hog.mobi|pahe.me|rawinu.com|nicomanga.com|youtube4kdownloader.com|eztvx.to|bunkr.*|bunkr.ci|bunkr.ph|indiangaysite.com|nativesurge.info|readcomiconline.li|luciferdonghua.in|hawtcelebs.com|file-zz40pd56-embed.com|bunkr-albums.io|pubjav.com|game3rb.com|boyfuck.me|mgeko.cc|9tsu.cc|nukibooks.com|porn4fans.com|pastemode.com|playmogo.com|miixdrop.net|flickystream.ru|vidzee.wtf|mahitimanch.in|miiiiixdrop.net|amigosporn.com|vsonic.click
(BlockerEntryFactory) - Unexpected error: unsupportedRegExp(message: "Unsupported regexp rule: digitRange(message: \"Digit ranges not supported\")") while converting /^https?:\/\/xgroovy\.com\/[A-Za-z0-9]{16}\/$/$script,domain=xgroovy.com
(BlockerEntryFactory) - Unexpected error: unsupportedRegExp(message: "Unsupported regexp rule: unsupportedMetaCharacter(message: \"Unsupported escape sequence\")") while converting /modsfire.com\/js\/alt\w+.js/$domain=modsfire.com
(BlockerEntryFactory) - Unexpected error: unsupportedRegExp(message: "Unsupported regexp rule: unsupportedMetaCharacter(message: \"Unsupported escape sequence\")") while converting /\/js\/\d{2,3}eka\d{2,3}\.js$/$script,~third-party,domain=club|com|one|pro
(BlockerEntryFactory) - Unexpected error: unsupportedRegExp(message: "Unsupported regexp rule: unsupportedMetaCharacter(message: \"Unsupported escape sequence\")") while converting /gsmarena\.com\/\d+\.[a-z]+\?s?Search=/$xmlhttprequest,domain=gsmarena.com
(BlockerEntryFactory) - Unexpected error: unsupportedRegExp(message: "Unsupported regexp rule: unsupportedMetaCharacter(message: \"Unsupported escape sequence\")") while converting /https?:\/\/(www\.)?gsmarena\.com\/\d+\.php3$/$xmlhttprequest,domain=gsmarena.com
(BlockerEntryFactory) - Unexpected error: unsupportedRegExp(message: "Unsupported regexp rule: digitRange(message: \"Digit ranges not supported\")") while converting /^https:\/\/mkvcinemas\.[a-z]+\/data\/cache\/min\/1\/[a-f0-9]{8}\.js/$script,domain=mkvcinemas.*
(BlockerEntryFactory) - Unexpected error: unsupportedRegExp(message: "Unsupported regexp rule: digitRange(message: \"Digit ranges not supported\")") while converting /www\.[a-z]{5,}\.com\/[A-Za-z]{2,}\/[a-z-]{5,}[\s\S]*\.js/$domain=miztv.shop
(BlockerEntryFactory) - Unexpected error: unsupportedRegExp(message: "Unsupported regexp rule: digitRange(message: \"Digit ranges not supported\")") while converting /[a-z]{12,}\.com\//$script,third-party,domain=swiftload.io
(BlockerEntryFactory) - Unexpected error: unsupportedRegExp(message: "Unsupported regexp rule: digitRange(message: \"Digit ranges not supported\")") while converting /whisperingauroras\.com\/[a-z0-9]{20,32}\.js/$domain=whisperingauroras.com
(BlockerEntryFactory) - Unexpected error: unsupportedRegExp(message: "Unsupported regexp rule: unsupportedMetaCharacter(message: \"Unsupported escape sequence\")") while converting /mega4upload.com\/\w-\d+$/$domain=mega4upload.com
(BlockerEntryFactory) - Unexpected error: unsupportedRegExp(message: "Unsupported regexp rule: digitRange(message: \"Digit ranges not supported\")") while converting /[a-z0-9]{8,}.[a-z]{3,}/$xmlhttprequest,third-party,domain=tapeantiads.com
(BlockerEntryFactory) - Unexpected error: unsupportedRegExp(message: "Unsupported regexp rule: digitRange(message: \"Digit ranges not supported\")") while converting /^https:\/\/www\.[a-z]{8,9}\.com\/[a-z]+\.js$/$domain=pornhoarder.net
(BlockerEntryFactory) - Unexpected error: unsupportedRegExp(message: "Unsupported regexp rule: pipeCondition(message: \"Pipe conditions not supported\")") while converting /^https:\/\/ik\.imagekit\.io\/[a-z0-9]+\/[a-zA-Z0-9_]+\.(jpg|png)\?updatedAt=/$match-case,image,domain=converter.app
(BlockerEntryFactory) - Unexpected error: unsupportedRegExp(message: "Unsupported regexp rule: unquantifiableCharacter(message: \"Unquantifiable chacter\")") while converting /^(?!.*(swarm.video|alexsports.store|googleusercontent.com)).*$/$third-party,xmlhttprequest,script,domain=alexsports.site
(BlockerEntryFactory) - Unexpected error: unsupportedRegExp(message: "Unsupported regexp rule: digitRange(message: \"Digit ranges not supported\")") while converting /^https:\/\/www\.sextu\.com\/([a-z]{9,12})\/([a-z]{9,12})\.js$/$domain=sextu.com
(BlockerEntryFactory) - Unexpected error: unsupportedRegExp(message: "Unsupported regexp rule: unsupportedMetaCharacter(message: \"Unsupported escape sequence\")") while converting /\.com\/\d+/[0-9a-z]+\.js$/$script,~third-party,domain=hentai2w.com
(BlockerEntryFactory) - Unexpected error: unsupportedRegExp(message: "Unsupported regexp rule: digitRange(message: \"Digit ranges not supported\")") while converting /^https:\/\/[a-z]{10}\.com/$xmlhttprequest,domain=telepisodes.org
(BlockerEntryFactory) - Unexpected error: unsupportedRegExp(message: "Unsupported regexp rule: unquantifiableCharacter(message: \"Unquantifiable chacter\")") while converting /\/img\/(?!new).+\.gif/$image,~third-party,domain=jennylist.xyz
(BlockerEntryFactory) - Unexpected error: unsupportedRegExp(message: "Unsupported regexp rule: pipeCondition(message: \"Pipe conditions not supported\")") while converting /jdforum\.net\/images\/.*(_final|green)\.gif/$domain=jdforum.net
(BlockerEntryFactory) - Unexpected error: unsupportedRegExp(message: "Unsupported regexp rule: digitRange(message: \"Digit ranges not supported\")") while converting /\.com\/[0-9a-z]{12,}\/[0-9a-z]{12,}\.js$/$script,~third-party,domain=tube-teen-18.com|teen-hd-sex.com|xxx-asian-tube.com
(BlockerEntryFactory) - Unexpected error: unsupportedRegExp(message: "Unsupported regexp rule: digitRange(message: \"Digit ranges not supported\")") while converting /\.tv\/[0-9a-z]{12}\.js$/$script,~third-party,domain=camlovers.tv
(BlockerEntryFactory) - Unexpected error: unsupportedRegExp(message: "Unsupported regexp rule: digitRange(message: \"Digit ranges not supported\")") while converting /^https?:\/\/s3\.us-east-1\.amazonaws\.com\/[0-9a-f]{50,}\/[0-9a-f]{10}$/$xmlhttprequest,third-party
(BlockerEntryFactory) - Unexpected error: unsupportedRegExp(message: "Unsupported regexp rule: digitRange(message: \"Digit ranges not supported\")") while converting /^https?:\/\/[0-9a-f]{50,}\.s3\.amazonaws\.com\/[0-9a-f]{10}$/$xmlhttprequest,third-party
(BlockerEntryFactory) - Unexpected error: unsupportedRegExp(message: "Unsupported regexp rule: unsupportedMetaCharacter(message: \"Unsupported escape sequence\")") while converting /fakethebitch\.com\/\d?\.php/$domain=fakethebitch.com
(BlockerEntryFactory) - Unexpected error: unsupportedRegExp(message: "Unsupported regexp rule: digitRange(message: \"Digit ranges not supported\")") while converting /\.com\/[A-Za-z]{9,}\/[A-Za-z]{9,}\.js$/$script,~third-party,domain=zetporn.com
(BlockerEntryFactory) - Unexpected error: unsupportedRegExp(message: "Unsupported regexp rule: pipeCondition(message: \"Pipe conditions not supported\")") while converting /\/(Zen-Technologies|solar-group)\.gif/$domain=bharatshakti.in
(BlockerEntryFactory) - Unexpected error: unsupportedRegExp(message: "Unsupported regexp rule: digitRange(message: \"Digit ranges not supported\")") while converting /\.com\/[a-zA-Z]{10}\.js$/$script,~third-party,domain=povaddict.com
(BlockerEntryFactory) - Unexpected error: unsupportedRegExp(message: "Unsupported regexp rule: unsupportedMetaCharacter(message: \"Unsupported escape sequence\")") while converting /\/\d{5}$/$xmlhttprequest,script,third-party,domain=best-series.me
(BlockerEntryFactory) - Unexpected error: unsupportedRegExp(message: "Unsupported regexp rule: pipeCondition(message: \"Pipe conditions not supported\")") while converting /\/(banner_|prodamy|negotiaition).*\.(jpg|png|gif)/$domain=caclubindia.com
(BlockerEntryFactory) - Unexpected error: unsupportedRegExp(message: "Unsupported regexp rule: digitRange(message: \"Digit ranges not supported\")") while converting /\/[0-9a-z]{5,9}\.js(\?[a-z]{3})?$/$script,domain=dewimg.com|imgviu.com|mazpic.com|outletpic.com
(BlockerEntryFactory) - Unexpected error: unsupportedRegExp(message: "Unsupported regexp rule: digitRange(message: \"Digit ranges not supported\")") while converting /\/[0-9a-f]{12}\.js$/$script,~third-party,domain=freeuseporn.com|camwhores.*
(BlockerEntryFactory) - Unexpected error: unsupportedRegExp(message: "Unsupported regexp rule: unquantifiableCharacter(message: \"Unquantifiable chacter\")") while converting /(?:buzz|com|icu|net|site|xyz)\/(?!shrinker).*/$script,~third-party,domain=imgblaze.net|pixsera.net|imgfrost.net
(BlockerEntryFactory) - Unexpected error: unsupportedRegExp(message: "Unsupported regexp rule: unsupportedMetaCharacter(message: \"Unsupported escape sequence\")") while converting /dodgersexcartoons.com\/images\/\w\w\/.*.gif$/$domain=dodgersexcartoons.com
(BlockerEntryFactory) - Unexpected error: unsupportedRegExp(message: "Unsupported regexp rule: pipeCondition(message: \"Pipe conditions not supported\")") while converting /\/wp-content\/uploads\/.*(trustbadge[0-9]?writingtool|animatedpoof).*\.(png|gif)/$domain=edumanias.com
(BlockerEntryFactory) - Unexpected error: unsupportedRegExp(message: "Unsupported regexp rule: digitRange(message: \"Digit ranges not supported\")") while converting /newser.com\/[a-zA-Z]{5,}\/[a-zA-Z]{3,}\/[a-zA-Z]{5,}.js/$domain=newser.com
(BlockerEntryFactory) - Unexpected error: unsupportedRegExp(message: "Unsupported regexp rule: unsupportedMetaCharacter(message: \"Unsupported escape sequence\")") while converting /pornpictureshq\.com\/[A-Za-z]+\d+\.html/$domain=pornpictureshq.com
(BlockerEntryFactory) - Unexpected error: unsupportedRegExp(message: "Unsupported regexp rule: unsupportedMetaCharacter(message: \"Unsupported escape sequence\")") while converting /^https?:\/\/(www\.)?lesbianexpert\.com\/[a-z\d]+\.js$/$domain=lesbianexpert.com
(BlockerEntryFactory) - Unexpected error: unsupportedRegExp(message: "Unsupported regexp rule: pipeCondition(message: \"Pipe conditions not supported\")") while converting /^https?:\/\/[a-z0-9]+\.rumormillnews\.com\/images\/(make_my_day.JPG|banner3kevinremade.jpeg|banner3kevinremade.jpeg|africanfamily3.jpg|acm-homeworkshop.jpg)/$domain=rumormillnews.com
(BlockerEntryFactory) - Unexpected error: unsupportedRegExp(message: "Unsupported regexp rule: digitRange(message: \"Digit ranges not supported\")") while converting /[a-z0-9]{32,}.js/$domain=biqle.ru
(BlockerEntryFactory) - Unexpected error: unsupportedRegExp(message: "Unsupported regexp rule: unsupportedMetaCharacter(message: \"Unsupported escape sequence\")") while converting /^https?:\/\/ftopx\.com\/[a-z\d]+\.js$/$domain=ftopx.com
(BlockerEntryFactory) - Unexpected error: unsupportedRegExp(message: "Unsupported regexp rule: unsupportedMetaCharacter(message: \"Unsupported escape sequence\")") while converting /^https?:\/\/(www\.)?bunnylust\.com\/[a-z\d]+\.js$/$domain=bunnylust.com
(BlockerEntryFactory) - Unexpected error: unsupportedRegExp(message: "Unsupported regexp rule: digitRange(message: \"Digit ranges not supported\")") while converting /camgirlbay.net\/[a-z]{1,2}[1-9]{1,4}[a-z]{1,2}[1-9]{1,4}[\s\S]*.js/$domain=camgirlbay.net
(BlockerEntryFactory) - Unexpected error: unsupportedRegExp(message: "Unsupported regexp rule: digitRange(message: \"Digit ranges not supported\")") while converting /camwhores.adult\/[a-z]{1,2}[1-9]{1,4}[a-z]{1,2}[1-9]{1,4}[\s\S]*.js/$domain=camwhores.adult
(BlockerEntryFactory) - Unexpected error: unsupportedRegExp(message: "Unsupported regexp rule: unsupportedMetaCharacter(message: \"Unsupported escape sequence\")") while converting /^https?:\/\/(www\.)?pornhd\.com\/[a-z\d]+\.js$/$domain=pornhd.com
(BlockerEntryFactory) - Unexpected error: unsupportedRegExp(message: "Unsupported regexp rule: unsupportedMetaCharacter(message: \"Unsupported escape sequence\")") while converting /^https?:\/\/hentaigo\.com\/[a-z\d]+\.js$/$domain=hentaigo.com
(BlockerEntryFactory) - Unexpected error: unsupportedRegExp(message: "Unsupported regexp rule: digitRange(message: \"Digit ranges not supported\")") while converting /ancensored.com\/js\/[-_a-zA-Z0-9]{12,}.js/$domain=ancensored.com
(BlockerEntryFactory) - Unexpected error: unsupportedRegExp(message: "Unsupported regexp rule: digitRange(message: \"Digit ranges not supported\")") while converting /^https?:\/\/anysex\.com\/[a-zA-Z]{1,4}\/[a-zA-Z]+\.php$/$image,script,domain=anysex.com
(BlockerEntryFactory) - Unexpected error: unsupportedRegExp(message: "Unsupported regexp rule: digitRange(message: \"Digit ranges not supported\")") while converting /simply-hentai.com\/javascripts\/[_-a-zA-Z0-9]{5,}.js/$domain=simply-hentai.com
(BlockerEntryFactory) - Unexpected error: unsupportedRegExp(message: "Unsupported regexp rule: digitRange(message: \"Digit ranges not supported\")") while converting /pornrabbit.com\/[a-z0-9]{1,2}.php/$domain=pornrabbit.com
(BlockerEntryFactory) - Unexpected error: unsupportedRegExp(message: "Unsupported regexp rule: digitRange(message: \"Digit ranges not supported\")") while converting /gaypornium.com\/bfs[0-9]{1,2}.gif/$domain=gaypornium.com
(BlockerEntryFactory) - Unexpected error: unsupportedRegExp(message: "Unsupported regexp rule: digitRange(message: \"Digit ranges not supported\")") while converting /gaypornium.com\/[0-9]{1,2}.gif/$domain=gaypornium.com
(BlockerEntryFactory) - Unexpected error: unsupportedRegExp(message: "Unsupported regexp rule: unsupportedMetaCharacter(message: \"Unsupported escape sequence\")") while converting /^https?:\/\/xxximage\.org\/[a-z\d]+\.js$/$domain=xxximage.org
(BlockerEntryFactory) - Unexpected error: unsupportedRegExp(message: "Unsupported regexp rule: unsupportedMetaCharacter(message: \"Unsupported escape sequence\")") while converting /^https?:\/\/imageboom\.net\/[a-z\d]+\.js$/$domain=imageboom.net
(BlockerEntryFactory) - Unexpected error: unsupportedRegExp(message: "Unsupported regexp rule: unsupportedMetaCharacter(message: \"Unsupported escape sequence\")") while converting /^https?:\/\/chyoa\.com\/[a-zA-Z\d]{1,15}\/[a-zA-Z\d]{1,15}\.js$/$domain=chyoa.com
(BlockerEntryFactory) - Unexpected error: unsupportedRegExp(message: "Unsupported regexp rule: digitRange(message: \"Digit ranges not supported\")") while converting /briefmenow.org\/img\/pa[0-9]{1}.jpg/$domain=briefmenow.org
(BlockerEntryFactory) - Unexpected error: unsupportedRegExp(message: "Unsupported regexp rule: digitRange(message: \"Digit ranges not supported\")") while converting /moozpussy.com\/[a-z]{1,13}[0-9]{1,13}[a-z]{1,13}[\s\S]*.js/$domain=moozpussy.com
(BlockerEntryFactory) - Unexpected error: unsupportedRegExp(message: "Unsupported regexp rule: digitRange(message: \"Digit ranges not supported\")") while converting /zoompussy.com\/[a-z]{1,13}[0-9]{1,13}[a-z]{1,13}[\s\S]*.js/$domain=zoompussy.com
(BlockerEntryFactory) - Unexpected error: unsupportedRegExp(message: "Unsupported regexp rule: digitRange(message: \"Digit ranges not supported\")") while converting /camwhoreshd.com\/[a-z]{1,2}[0-9]{1,2}[a-z]{1,2}[0-9]{1,2}[\S\s]*.js/$domain=camwhoreshd.com
(BlockerEntryFactory) - Unexpected error: unsupportedRegExp(message: "Unsupported regexp rule: digitRange(message: \"Digit ranges not supported\")") while converting /www.eporner.com\/[^xhr][^comment][1-9]{0,3}[a-z]{0,3}/$script,domain=eporner.com
(BlockerEntryFactory) - Unexpected error: unsupportedRegExp(message: "Unsupported regexp rule: digitRange(message: \"Digit ranges not supported\")") while converting /doseofporn.com\/[a-z]{0,5}[1-9]{0,5}[a-z]{0,5}[1-9][s\S]*.js/
(BlockerEntryFactory) - Unexpected error: unsupportedRegExp(message: "Unsupported regexp rule: unsupportedMetaCharacter(message: \"Unsupported escape sequence\")") while converting /^https?:\/\/picturelol\.com\/[a-z\d]+\.(js)$/$domain=picturelol.com
(BlockerEntryFactory) - Unexpected error: unsupportedRegExp(message: "Unsupported regexp rule: unsupportedMetaCharacter(message: \"Unsupported escape sequence\")") while converting /^https?:\/\/zoomgirls\.net\/[a-z\d]+\.(js)$/$domain=zoomgirls.net
(BlockerEntryFactory) - Unexpected error: unsupportedRegExp(message: "Unsupported regexp rule: digitRange(message: \"Digit ranges not supported\")") while converting /\.com\/[A-Za-z]{3}\.png$/$image,domain=videotoolbox.com,~third-party
(BlockerEntryFactory) - Unexpected error: unsupportedRegExp(message: "Unsupported regexp rule: digitRange(message: \"Digit ranges not supported\")") while converting /^https:\/\/cine\.su\/[a-z0-9]{16}\.js$/$script,match-case,domain=cine.su
(BlockerEntryFactory) - Unexpected error: unsupportedRegExp(message: "Unsupported regexp rule: unsupportedMetaCharacter(message: \"Unsupported escape sequence\")") while converting /\/uploads\/2025/\d{2}\/[0-9a-z]{6,12}\.jpg$/$image,match-case,~third-party,domain=igg-games.*|pcgamestorrents.*
(BlockerEntryFactory) - Unexpected error: unsupportedRegExp(message: "Unsupported regexp rule: digitRange(message: \"Digit ranges not supported\")") while converting /devfiles.pages.dev\/img\/[a-zA-Z0-9]{8,}.jpeg/$domain=djxmaza.in
(BlockerEntryFactory) - Unexpected error: unsupportedRegExp(message: "Unsupported regexp rule: unquantifiableCharacter(message: \"Unquantifiable chacter\")") while converting /^https:\/\/x?1337x\.(?:eu|g3g\.sbs|gd|to|se|unblockit\.name|st)\/(?:css\/)?(?:images\/)?[0-9a-z]+\.(?:gif|jpe?g|png)/$image,~third-party,domain=1337x.st|1337x.to|1337xx.to|x1337x.eu|x1337x.ws|1337x.unblock2.xyz
(BlockerEntryFactory) - Unexpected error: unsupportedRegExp(message: "Unsupported regexp rule: digitRange(message: \"Digit ranges not supported\")") while converting /\/[a-zA-Z0-9-]{0,9}(?:clobew|-host-|alex|privalps|wcor|waitj|host3|avahosting|servhost|azlogo|luxhst)[a-zA-Z0-9-]{0,9}\.[a-z]{3}/$image,domain=check-host.net
(BlockerEntryFactory) - Unexpected error: unsupportedRegExp(message: "Unsupported regexp rule: digitRange(message: \"Digit ranges not supported\")") while converting /^https:\/\/[a-z-]{5,13}\.[a-z]{2,7}\/[a-z0-9]{1,20}\?[A-Za-z0-9]{15,26}=(?=.*[A-Z])[A-Za-z0-9%]{35,2000}$/$xmlhttprequest,third-party,match-case
(BlockerEntryFactory) - Unexpected error: unsupportedRegExp(message: "Unsupported regexp rule: unquantifiableCharacter(message: \"Unquantifiable chacter\")") while converting /^https:\/\/(?:[0-9a-z]+\.){1,2}(?:cfd|rest)\/[a-z](?=[a-z]*[0-9A-Z])[0-9A-Za-z]{10,27}\/(?:\d{6}|[A-Za-z]{5})$/$script,third-party,match-case
(BlockerEntryFactory) - Unexpected error: unsupportedRegExp(message: "Unsupported regexp rule: unquantifiableCharacter(message: \"Unquantifiable chacter\")") while converting /^https:\/\/(?:[a-z]{2}\.)?[a-z]{7,14}\.com\/[a-z](?=[a-z]*[0-9A-Z])[0-9A-Za-z]{10,27}\/[A-Za-z]{4,5}$/$script,third-party,match-case
(BlockerEntryFactory) - Unexpected error: unsupportedRegExp(message: "Unsupported regexp rule: unquantifiableCharacter(message: \"Unquantifiable chacter\")") while converting /^https:\/\/(?:[a-z]{2}\.)?[a-z]{7,14}\.shop\/[a-z](?=[a-z]*[0-9A-Z])[0-9A-Za-z]{10,27}\/[A-Za-z]{4,5}(?:[&?]param_\d=\d+)*$/$subdocument,third-party,match-case
(BlockerEntryFactory) - Unexpected error: unsupportedRegExp(message: "Unsupported regexp rule: unquantifiableCharacter(message: \"Unquantifiable chacter\")") while converting /^https?:\/\/(?:[a-z]{2}\.)?[0-9a-z]{5,16}\.[a-z]{3,7}\/[a-z](?=[a-z]{0,25}[0-9A-Z])[0-9a-zA-Z]{3,26}\/\d{3,6}(?:[&?][0-9_a-z]=[0-9A-Za-z-]+)*$/$subdocument,script,xmlhttprequest,third-party,match-case
(BlockerEntryFactory) - Unexpected error: unsupportedRegExp(message: "Unsupported regexp rule: unquantifiableCharacter(message: \"Unquantifiable chacter\")") while converting /^https?:\/\/(?:[a-z]{2}\.)?[0-9a-z]{5,16}\.[a-z]{3,7}\/[a-z](?=[a-z]{0,25}[0-9A-Z])[0-9a-zA-Z]{3,26}\/\d{3,6}(?:[&?][0-9_a-z]=[0-9A-Za-z-]+)*$/$popup,third-party,match-case
(BlockerEntryFactory) - Unexpected error: unsupportedRegExp(message: "Unsupported regexp rule: digitRange(message: \"Digit ranges not supported\")") while converting /^https?:\/\/www\.[a-z]{8,14}\.(bid|club|co|com|me|pro|info)\/[a-z]{1,12}\.js$/$script,third-party,domain=2ddl.vg|anidl.org|srt.am|widestream.io|speedporn.net|oke.io|2ddl.unblocked.vc|gaypornwave.com|watchpornfree.ws|hentaimoe.me|sportsgala.xyz
(BlockerEntryFactory) - Unexpected error: unsupportedRegExp(message: "Unsupported regexp rule: digitRange(message: \"Digit ranges not supported\")") while converting /\/[A-Z]{1,3}\/[-0-9a-z]{5,}\.com\/\d{1,3}\/\d+$/$script,~third-party,match-case,domain=bflix.to
(BlockerEntryFactory) - Unexpected error: unsupportedRegExp(message: "Unsupported regexp rule: digitRange(message: \"Digit ranges not supported\")") while converting /\/[A-Z]{1,3}\/[-0-9a-z]{5,}\.com\/(?:[0-9a-f]{2}\/){3}[0-9a-f]{32}\.js$/$script,~third-party,match-case,domain=mcloud.to|vizcloud.*|vizcloud2.*|bflix.to
(BlockerEntryFactory) - Unexpected error: unsupportedRegExp(message: "Unsupported regexp rule: digitRange(message: \"Digit ranges not supported\")") while converting /^https:\/\/[a-z]{6,}\.[a-z]{12,}\.(?:cfd|cyou)\/[a-z0-9]{1,2}\/[a-zA-Z0-9]{6,}\?[a-z0-9]{2,3}=ey/$xmlhttprequest,third-party,match-case
(BlockerEntryFactory) - Unexpected error: unsupportedRegExp(message: "Unsupported regexp rule: digitRange(message: \"Digit ranges not supported\")") while converting /^https:\/\/cloudorchestranova\.com\/embed\/[a-f0-9]{32}\.js\?_=/$script,match-case
(BlockerEntryFactory) - Unexpected error: unsupportedRegExp(message: "Unsupported regexp rule: unquantifiableCharacter(message: \"Unquantifiable chacter\")") while converting /(?:com|net)\/[a-z-]{3,10}\.html$/$subdocument,~third-party,domain=imgadult.com|imgdrive.net|imgtaxi.com
(BlockerEntryFactory) - Unexpected error: unsupportedRegExp(message: "Unsupported regexp rule: unquantifiableCharacter(message: \"Unquantifiable chacter\")") while converting /(?:com|net)\/[0-9a-f]{12}\.js$/$script,~third-party,domain=imgadult.com|imgdrive.net|imgtaxi.com
(BlockerEntryFactory) - Unexpected error: unsupportedRegExp(message: "Unsupported regexp rule: unsupportedMetaCharacter(message: \"Unsupported escape sequence\")") while converting @@/\/\d\d\d\d\d$/$xmlhttprequest,script,other,third-party,domain=jujmanga.com
(BlockerEntryFactory) - Unexpected error: unsupportedRegExp(message: "Unsupported regexp rule: pipeCondition(message: \"Pipe conditions not supported\")") while converting @@/clickn(download|upload)\.[a-z]{3,5}/$script,xmlhttprequest,domain=clickndownload.*|clicknupload.*
(BlockerEntryFactory) - Unexpected error: invalidDomains(message: "Safari does not support both permitted and restricted domains") while converting @@||amazonaws.com/banners/$image,domain=livefromdarylshouse.com|pandasecurity.com|~support.pandasecurity.com
(BlockerEntryFactory) - Unexpected error: unsupportedRegExp(message: "Unsupported regexp rule: pipeCondition(message: \"Pipe conditions not supported\")") while converting @@/\.(gif|jpg|png|svg).*#.*\/ad\//$image,domain=mizugigurabia.com|aimasummd.blog.fc2.com|newssokuhou666.blog.fc2.com|touhoudougamatome.blog.fc2.com|metamani.blog15.fc2.com|youkaiwatch2345.blog.fc2.com|dokuo666.blog98.fc2.com|mysafe.stisda.ac.id|metamani.blog15.fc2.com|link.technics-goods.info|gfilex.blogspot.com|codare.fun|ads-ti9ni4.blogspot.com|thelibrarydigital.blogspot.com|www-daftarharga.blogspot.com|mediapemersatubangsa.com|ear-phone-review.com|tienganhedu.com|itdmusics.com|burnbutt.com|valuable.hatenablog.com|leechpremium.net|lib.hatenablog.com|gametter.com|mini.surveyenquete.net|opatil.com
(BlockerEntryFactory) - Unexpected error: unsupportedRegExp(message: "Unsupported regexp rule: unsupportedMetaCharacter(message: \"Unsupported escape sequence\")") while converting /\:\/\/[a-z0-9]*.[a-z]*\/[0-9]*\//$third-party,domain=mintmanga.com
(BlockerEntryFactory) - Unexpected error: unsupportedRegExp(message: "Unsupported regexp rule: unsupportedMetaCharacter(message: \"Unsupported escape sequence\")") while converting /(https?:\/\/)\w{30,}\.me\/\w{30,}\./$script,third-party
(BlockerEntryFactory) - Unexpected error: unsupportedRegExp(message: "Unsupported regexp rule: digitRange(message: \"Digit ranges not supported\")") while converting /(https?:\/\/)104\.154\..{100,}/
(BlockerEntryFactory) - Unexpected error: unsupportedRegExp(message: "Unsupported regexp rule: digitRange(message: \"Digit ranges not supported\")") while converting /(https?:\/\/)104\.197\..{100,}/
(BlockerEntryFactory) - Unexpected error: unsupportedRegExp(message: "Unsupported regexp rule: digitRange(message: \"Digit ranges not supported\")") while converting /(https?:\/\/)104\.198\..{100,}/
(BlockerEntryFactory) - Unexpected error: unsupportedRegExp(message: "Unsupported regexp rule: digitRange(message: \"Digit ranges not supported\")") while converting /(https?:\/\/)130\.211\..{100,}/
(BlockerEntryFactory) - Unexpected error: unsupportedRegExp(message: "Unsupported regexp rule: digitRange(message: \"Digit ranges not supported\")") while converting /(https?:\/\/)142\.91\.159\..{100,}/
(BlockerEntryFactory) - Unexpected error: unsupportedRegExp(message: "Unsupported regexp rule: digitRange(message: \"Digit ranges not supported\")") while converting /(https?:\/\/)213\.32\.115\..{100,}/
(BlockerEntryFactory) - Unexpected error: unsupportedRegExp(message: "Unsupported regexp rule: digitRange(message: \"Digit ranges not supported\")") while converting /(https?:\/\/)216\.21\..{100,}/
(BlockerEntryFactory) - Unexpected error: unsupportedRegExp(message: "Unsupported regexp rule: digitRange(message: \"Digit ranges not supported\")") while converting /(https?:\/\/)217\.182\.11\..{100,}/
(BlockerEntryFactory) - Unexpected error: unsupportedRegExp(message: "Unsupported regexp rule: digitRange(message: \"Digit ranges not supported\")") while converting /(https?:\/\/)51\.195\.31\..{100,}/
(BlockerEntryFactory) - Unexpected error: unsupportedRegExp(message: "Unsupported regexp rule: pipeCondition(message: \"Pipe conditions not supported\")") while converting /^https?:\/\/(35|104)\.(\d){1,3}\.(\d){1,3}\.(\d){1,3}\//$popup,third-party
(BlockerEntryFactory) - Unexpected error: unsupportedRegExp(message: "Unsupported regexp rule: unsupportedMetaCharacter(message: \"Unsupported escape sequence\")") while converting /^https?:\/\/146\.59\.211\.(\d){1,3}.*/$popup,third-party
(BlockerEntryFactory) - Unexpected error: unsupportedRegExp(message: "Unsupported regexp rule: digitRange(message: \"Digit ranges not supported\")") while converting /^https?:\/\/s3\.*\.amazonaws\.com\/[a-f0-9]{45,}\/[a-f,0-9]{8,10}$/$script,third-party,xmlhttprequest,domain=~amazon.com
(BlockerEntryFactory) - Unexpected error: unsupportedRegExp(message: "Unsupported regexp rule: pipeCondition(message: \"Pipe conditions not supported\")") while converting /^https?:\/\/.*\.(club|bid|biz|xyz|site|pro|info|online|icu|monster|buzz|website|biz|re|casa|top|one|space|network|live|systems|ml|world|life|co)\/.*/$~image,~media,~subdocument,third-party,domain=1cloudfile.com|adblockstreamtape.art|adblockstreamtape.site|bowfile.com|clipconverter.cc|desiupload.co|dood.la|dood.pm|dood.so|dood.to|dood.watch|dood.ws|dopebox.to|downloadpirate.com|drivebuzz.icu|embedstream.me|eplayvid.net|fmovies.ps|gospeljingle.com|kissanimes.net|movies2watch.tv|myflixer.today|myflixertv.to|powvideo.net|scloud.online|skidrowcodex.net|streamtape.com|theproxy.ws|vidembed.cc|vidembed.io|vidlii.com|vidoo.org|vipbox.lc
(BlockerEntryFactory) - Unexpected error: unsupportedRegExp(message: "Unsupported regexp rule: digitRange(message: \"Digit ranges not supported\")") while converting /^https?:\/\/[0-9a-z]{5,}\.com\/.*/$script,third-party,xmlhttprequest,domain=1cloudfile.com|745mingiestblissfully.com|adblockeronstape.me|adblockeronstreamtape.me|adblockeronstrtape.xyz|adblockplustape.xyz|adblockstreamtape.art|adblockstreamtape.fr|adblockstreamtape.site|adblocktape.online|adblocktape.store|adblocktape.wiki|advertisertape.com|anonymz.com|antiadtape.com|bowfile.com|clickndownload.click|clicknupload.space|cloudvideo.tv|daddylivehd.sx|dailyuploads.net|databasegdriveplayer.xyz|deltabit.co|dood.la|dood.li|dood.pm|dood.re|dood.sh|dood.so|dood.to|dood.watch|dood.wf|dood.ws|dood.yt|doods.pro|dooood.com|dramacool.sr|drivebuzz.icu|ds2play.com|embedplayer.site|embedsb.com|embedsito.com|embedstream.me|engvideo.net|enjoy4k.xyz|eplayvid.net|evoload.io|filemoon.sx|files.im|flexy.stream|fmovies.ps|gaybeeg.info|gdriveplayer.pro|gettapeads.com|givemenbastreams.com|gogoanimes.org|gomo.to|hexload.com|imgtraffic.com|kesini.in|kickasstorrents.to|linkhub.icu|lookmyimg.com|mangareader.to|membed.net|mirrorace.org|mixdrop.ag|mixdrop.click|mixdrop.club|mixdrp.co|movies2watch.tv|mp4upload.com|nelion.me|noblocktape.com|nsw2u.org|ovagames.com|pcgamestorrents.com|putlocker-website.com|reputationsheriffkennethsand.com|rintor.space|rojadirecta1.site|scloud.online|shavetape.cash|skidrowcodex.net|smallencode.me|stapadblockuser.art|stapadblockuser.click|stapadblockuser.info|stapadblockuser.xyz|stape.fun|stapewithadblock.beauty|stapewithadblock.monster|stapewithadblock.xyz|strcloud.in|streamadblocker.cc|streamadblocker.com|streamadblocker.store|streamadblocker.xyz|streamlare.com|streamnoads.com|streamta.pe|streamta.site|streamtape.cc|streamtape.com|streamtape.to|streamtape.xyz|streamtapeadblock.art|streamtapeadblockuser.art|streamtapeadblockuser.homes|streamtapeadblockuser.monster|streamtapeadblockuser.xyz|strikeout.ws|strtape.cloud|strtape.tech|strtapeadblock.club|strtapeadblocker.xyz|strtapewithadblock.art|strtapewithadblock.xyz|supervideo.cc|supervideo.tv|tapeadsenjoyer.com|tapeadvertisement.com|tapeantiads.com|tapeblocker.com|tapenoads.com|tapepops.com|tapewithadblock.com|tapewithadblock.org|thepiratebay0.org|thepiratebay10.xyz|theproxy.ws|thevideome.com|toxitabellaeatrebates306.com|un-block-voe.net|upbam.org|upload.do|upstream.to|userscloud.com|v-o-e-unblock.com|vido.lol|vidsrc.me|vidsrc.stream|vipleague.im|vipleague.pm|voe-unblock.net|voe.sx|vudeo.io|vudeo.net|yesmovies.mn|youtube4kdownloader.com
(BlockerEntryFactory) - Unexpected error: unsupportedRegExp(message: "Unsupported regexp rule: digitRange(message: \"Digit ranges not supported\")") while converting /^https?:\/\/[0-9a-z]{8,}\.xyz\/.*/$third-party,xmlhttprequest,domain=1link.club|apiyoutube.cc|bestmp3converter.com|dood.wf|lulustream.com|mp4upload.com|poscitech.com|sportcast.life|streamhub.to|streamvid.net|tokybook.com|uqload.io
(BlockerEntryFactory) - Unexpected error: unsupportedRegExp(message: "Unsupported regexp rule: digitRange(message: \"Digit ranges not supported\")") while converting /\/[0-9a-f]{32}\/invoke\.js/$script,third-party
(BlockerEntryFactory) - Unexpected error: unsupportedRegExp(message: "Unsupported regexp rule: digitRange(message: \"Digit ranges not supported\")") while converting /^https?:\/\/www\.[0-9a-z]{8,}\.com\/[0-9a-z]{1,4}\.js$/$script,third-party,domain=dood.la|dood.pm|dood.sh|dood.so|dood.to|dood.watch|dood.ws
(BlockerEntryFactory) - Unexpected error: unsupportedRegExp(message: "Unsupported regexp rule: pipeCondition(message: \"Pipe conditions not supported\")") while converting /^https?:\/\/.*\.(club|xyz|top|casa)\//$popup,domain=databasegdriveplayer.co|dood.la|dood.so|dood.to|dood.video|dood.watch|dood.ws|doodcdn.com|fmovies.world|masafun.com|strtpe.link|voe-unblock.com
(BlockerEntryFactory) - Unexpected error: unsupportedRegExp(message: "Unsupported regexp rule: pipeCondition(message: \"Pipe conditions not supported\")") while converting /^https?:\/\/.*\.(club|news|live|online|store|tech|guru|cloud|bid|xyz|site|pro|info|online|icu|monster|buzz|fun|website|photos|re|casa|top|today|space|network|live|work|systems|ml|world|life)\/.*/$~media,domain=1vag.com|4tube.com|asianpornmovies.com|getsex.xxx|glam0ur.com|hclips.com|hdzog.com|homemadevids.org|hotmovs.com|justthegays.com|milfzr.com|porn555.com|pornforrelax.com|pornj.com|pornl.com|puporn.com|see.xxx|shemalez.com|sss.xxx|streanplay.cc|thegay.com|thegay.porn|tits-guru.com|tubepornclassic.com|tuberel.com|txxx.com|txxx.tube|upornia.com|vjav.com|voyeurhit.com|xozilla.com
(BlockerEntryFactory) - Unexpected error: unsupportedRegExp(message: "Unsupported regexp rule: digitRange(message: \"Digit ranges not supported\")") while converting /^https?:\/\/.*\/[a-z0-9A-Z_]{2,15}\.(php|jx|jsx|1ph|jsf|jz|jsm|j$)/$script,subdocument,domain=3movs.com|4kporn.xxx|4tube.com|alotporn.com|alphaporno.com|alrincon.com|amateur8.com|anyporn.com|badjojo.com|bdsmstreak.com|bestfreetube.xxx|bigtitslust.com|bravotube.net|cockmeter.com|crazyporn.xxx|daftporn.com|ebony8.com|erome.com|exoav.com|fantasti.cc|fapality.com|fapnado.com|fetishshrine.com|freeporn8.com|gfsvideos.com|gotporn.com|hdporn24.org|hdpornmax.com|hdtube.porn|hellporno.com|hentai2w.com|hottorrent.org|hqsextube.xxx|hqtube.xxx|iceporn.com|imgderviches.work|imx.to|its.porn|katestube.com|lesbian8.com|love4porn.com|lustypuppy.com|manga18fx.com|manhwa18.cc|maturetubehere.com|megatube.xxx|milffox.com|momxxxfun.com|openloadporn.co|orsm.net|pervclips.com|porn-plus.com|porndr.com|pornicom.com|pornid.xxx|pornotrack.net|pornrabbit.com|pornwatchers.com|pornwhite.com|pussy.org|redhdtube.xxx|rule34.art|rule34pornvids.com|runporn.com|sexvid.porn|sexvid.pro|sexvid.xxx|sexytorrents.info|shameless.com|sleazyneasy.com|sortporn.com|stepmom.one|stileproject.com|str8ongay.com|tnaflix.com|urgayporn.com|vikiporn.com|wankoz.com|xbabe.com|xcafe.com|xhqxmovies.com|xxx-torrent.net|xxxdessert.com|xxxextreme.org|xxxonxxx.com|yourlust.com|youx.xxx|zbporn.com|zbporn.tv
(BlockerEntryFactory) - Unexpected error: unsupportedRegExp(message: "Unsupported regexp rule: unsupportedMetaCharacter(message: \"Unsupported escape sequence\")") while converting /dl/cnt/20[^0]\d-\d{2}/\d{4}//$image,domain=prohardver.hu|mobilarena.hu|logout.hu|hardverapro.hu
(BlockerEntryFactory) - Unexpected error: unsupportedRegExp(message: "Unsupported regexp in $path: pipeCondition(message: \"Pipe conditions not supported\")") while converting [$path=/\\/(movies|shows)\\/play\\//]monster##.view-movie .hero + .container .col-sm-12 > div[style="text-align: center; margin-top: 20px;"] > a[target="_blank"][style="padding: 20px; display: block"]
